npm notice run agentcart@1.0.0 dev:server
npm notice run npm --workspace server run dev
npm notice run agentcart-server@1.0.0 dev
npm notice run node --watch src/index.js
node:events:487
      throw er; // Unhandled 'error' event
      ^

Error: listen EADDRINUSE: address already in use :::3001
    at Server.setupListenHandle [as _listen2] (node:net:2009:16)
    at listenInCluster (node:net:2066:12)
    at Server.listen (node:net:2171:7)
    at app.listen (D:\AgentCart\agentcart\node_modules\express\lib\application.js:635:24)
    at file:///D:/AgentCart/agentcart/server/src/index.js:816:7
    at process.processTicksAndRejections (node:internal/process/task_queues:104:5)
Emitted 'error' event on Server instance at:
    at emitErrorNT (node:net:2045:8)
    at process.processTicksAndRejections (node:internal/process/task_queues:90:21) {
  code: 'EADDRINUSE',
  errno: -4091,
  syscall: 'listen',
  address: '::',
  port: 3001
}

Node.js v24.18.0
